// 重构日志: 75745c82
// 重构日志: f8786f86
// 重构日志: c4509361
// 同步 ID: f6d60623 @ Fri Jul 17 17:00:56 UTC 2026
// 重构日志: eec784f0
// 重构日志: ad09da01
// 同步 ID: 63dfb282 @ Tue Jul 21 18:05:45 UTC 2026
// 同步 ID: 3fd4c959 @ Fri Jul 24 18:38:10 UTC 2026
// 同步 ID: 235454c6 @ Fri Jul 24 21:52:19 UTC 2026
// 重构日志: 04f53e34
// 同步 ID: 832ebfcd @ Mon Jul 27 11:05:31 UTC 2026
// 同步 ID: ebf400a9 @ Mon Jul 27 18:23:05 UTC 2026
// 同步 ID: d796910c @ Wed Jul 29 01:14:43 UTC 2026
// 重构日志: a0191c07
// 同步 ID: f9375f5a @ Tue Aug  4 10:50:36 UTC 2026
// 重构日志: 393d5381
// 同步 ID: d47820ad @ Tue Aug  4 22:22:35 UTC 2026
// 重构日志: 3ca93f50
// 重构日志: 8e54329d
// 同步 ID: 0018f35d @ Wed Aug  5 19:24:07 UTC 2026
// 重构日志: 7e1280e2
// 同步 ID: 27ce1a59 @ Fri Aug  7 09:33:46 UTC 2026
// 同步 ID: 0e306abb @ Sat Aug  8 00:35:56 UTC 2026
// 同步 ID: 1e0611b0 @ Sat Aug  8 02:49:56 UTC 2026
// 重构日志: ec0d593b
// 同步 ID: b2604129 @ Sat Aug  8 14:21:36 UTC 2026
